
- NASM Map file ---------------------------------------------------------------

Source file:  source/bootloader/mbr.asm
Output file:  bin/bootloader/mbr.bin

-- Program origin -------------------------------------------------------------

00007C00

-- Sections (summary) ---------------------------------------------------------

Vstart            Start             Stop              Length    Class     Name
            7C00              7C00              7E00  00000200  progbits  .text

-- Sections (detailed) --------------------------------------------------------

---- Section .text ------------------------------------------------------------

class:     progbits
length:                 200
start:                 7C00
align:     not defined
follows:   not defined
vstart:                7C00
valign:    not defined
vfollows:  not defined

-- Symbols --------------------------------------------------------------------

---- No Section ---------------------------------------------------------------

Value     Name
00009000  KOFFSET
00000040  SECTORS_TO_LOAD
00000008  CODE_SEG
00000010  DATA_SEG


---- Section .text ------------------------------------------------------------

Real              Virtual           Name
            7C00              7C00  _start
            7C03              7C03  asciitest
            7C30              7C30  done
            7C3E              7C3E  launch
            7C5B              7C5B  protmode_msg
            7C84              7C84  error
            7CA7              7CA7  BOOT_DRIVE
            7CA8              7CA8  PrintNewline
            7CB3              7CB3  PrintString
            7CC4              7CC4  PrintDone
            7CCE              7CCE  PrintAsciiCharacters
            7CCE              7CCE  loop
            7CDD              7CDD  exit
            7CDE              7CDE  Clearscr
            7CE7              7CE7  loader_entry
            7D1F              7D1F  disk_load
            7D36              7D36  disk_err
            7D40              7D40  sect_err
            7D4A              7D4A  disk_loop
            7D4C              7D4C  gdt_null
            7D54              7D54  gdt_code
            7D5C              7D5C  gdt_data
            7D64              7D64  gdt_end
            7D64              7D64  gdt_desc
            7D6A              7D6A  sw32
            7D7F              7D7F  init32
            7D99              7D99  lkernel
            7DA6              7DA6  BEGIN_32_BIT

