
- NASM Map file ---------------------------------------------------------------

Source file:  source/bootloader/mbr.asm
Output file:  bin/bootloader/mbr.bin

-- Program origin -------------------------------------------------------------

00007C00

-- Sections (summary) ---------------------------------------------------------

Vstart            Start             Stop              Length    Class     Name
            7C00              7C00              7E00  00000200  progbits  .text

-- Sections (detailed) --------------------------------------------------------

---- Section .text ------------------------------------------------------------

class:     progbits
length:                 200
start:                 7C00
align:     not defined
follows:   not defined
vstart:                7C00
valign:    not defined
vfollows:  not defined

-- Symbols --------------------------------------------------------------------

---- No Section ---------------------------------------------------------------

Value     Name
00009000  KOFFSET
00000080  SECTORS_TO_LOAD
00000008  CODE_SEG
00000010  DATA_SEG


---- Section .text ------------------------------------------------------------

Real              Virtual           Name
            7C00              7C00  _start
            7C09              7C09  asciitest
            7C36              7C36  done
            7C44              7C44  launch
            7C61              7C61  protmode_msg
            7C8A              7C8A  error
            7CAD              7CAD  BOOT_DRIVE
            7CAE              7CAE  PrintNewline
            7CB9              7CB9  PrintString
            7CCA              7CCA  PrintDone
            7CD4              7CD4  PrintAsciiCharacters
            7CD4              7CD4  loop
            7CE3              7CE3  exit
            7CE4              7CE4  Clearscr
            7CED              7CED  loader_entry
            7D25              7D25  disk_load
            7D3C              7D3C  disk_err
            7D46              7D46  sect_err
            7D50              7D50  disk_loop
            7D52              7D52  gdt_null
            7D5A              7D5A  gdt_code
            7D62              7D62  gdt_data
            7D6A              7D6A  gdt_end
            7D6A              7D6A  gdt_desc
            7D70              7D70  sw32
            7D85              7D85  init32
            7D9F              7D9F  lkernel
            7DAC              7DAC  BEGIN_32_BIT

